[info]
Piso_Casa:Sprites/Otros_Spritess.png
objetos: Sprite_Sheet_Objetos.png
mapa: ................................................................................ 
      ................................................................................
      ...............................................................-................
      ........................................................................L......
      ...................X.$..............TTT...................--........---------...
      .................------.............T#TP........TTT...-...........X.............
      ...........................--....._------_......T#T.............------_.........
      .C...........-..............................._------_...........................
      ---......TTT............-..................................-....................
      .........T#T.............................................M......................
      ......._-----_..........................................---.....................
      ..............................TTT...............................................
      ..............................T#T.........X.....................................
      
[.]
tipo:vacio
fil=0
col=0

[#]
tipo:puerta
fil:
col:

[-]
tipo:plataforma
fil:0
col:4

[L]
tipo:libro
fil:
col:

[P]
tipo:photoshop
fil:
col:

[C]
tipo:cafe
fil:
col:

[$]
tipo: python
fil:
col:

[M]
tipo: musica
fil:
col:

[X]
tipo:perezita
fil:
col:

[_]
tipo: plataforma_Mama
fil: 0
col: 4

[T]
tipo: casa








ANCHO = 4000
ALTO = 750
SUELO = 650