[info]
Piso_Casa:Sprites/Otros_Spritess.png
objetos: Sprite_Sheet_Objetos.png
mapa: ................................................................................ 
      ................................................................................
      ...............................................................-................
      .....................................T...................................L......
      .................X...$..............TTT..........T........_-..........._-------_
      ................._----_.............T#TP........TTT..-............X.............
      ..........................._-....._------_......T#T............._-----_.........
      .C........T.._-.............................._------_...........................
      --_......TTT............_-_.................................-....................
      .........T#T.............................................M......................
      ......._-----_.................T........................_-_.....................
      ..............................TTT...............................................
      ..............................T#T.........X.....................................
      
[.]
tipo:vacio
fil=0
col=0

[#]
tipo:puerta
fil:
col:

[-]
tipo:plataforma
fil:0
col:4

[L]
tipo:libro
fil:
col:

[P]
tipo:photoshop
fil:
col:

[C]
tipo:cafe
fil:
col:

[$]
tipo: python
fil:
col:

[M]
tipo: musica
fil:
col:

[X]
tipo:perezita
fil:
col:

[_]
tipo: plataforma_Mama
fil: 0
col: 4

[T]
tipo: casa








ANCHO = 4000
ALTO = 750
SUELO = 650