[info]
terreno:Sprites/pinchevida.png
objetos: Sprite_Sheet_Objetos.png
mapa: ...............................................................................
      ....................X.................C........................................
      ......C............---...............---.......................................
      .....---.......................................................................
      ..........................................---..................................
      ...............................................................................
      .............#.................................................................
      ...X........---.......$........................................................
      ..---................---.......................................................
      ...............................................................................
      ..........---..................................................................
      ...............................................................................
      ...............................................................................
      
[.]
tipo:vacio
fil=0
col=0

[#]
tipo:puerta
fil:
col:

[-]
tipo:plataforma
fil:9
col:6

[L]
tipo:libro
fil:
col:

[P]
tipo:photoshop
fil:
col:

[C]
tipo:cafe
fil:
col:

[$]
tipo: python
fil:
col:

[M]
tipo: musica
fil:
col:

[X]
tipo:perezita
fil:
col:






ANCHO = 4000
ALTO = 750
SUELO = 650